
          -------------------------------------------------------
          Amber 14 SANDER                              2014
          -------------------------------------------------------

| Run on 02/21/2017 at 13:33:57

|   Executable path: sander
| Working directory: /Users/ctk3b/science/python/intermol/intermol/tests
|          Hostname: Unknown
  [-O]verwriting output

File Assignments:
|  MDIN: /Users/ctk3b/science/python/intermol/intermol/tests/amber/min.in      
| MDOUT: /Users/ctk3b/science/python/intermol/intermol/tests/amber/unit_tests/a
|INPCRD: /Users/ctk3b/science/python/intermol/intermol/tests/amber/unit_tests/a
|  PARM: /Users/ctk3b/science/python/intermol/intermol/tests/amber/unit_tests/a
|RESTRT: restrt                                                                
|  REFC: refc                                                                  
| MDVEL: mdvel                                                                 
| MDFRC: mdfrc                                                                 
|  MDEN: mden                                                                  
| MDCRD: mdcrd                                                                 
|MDINFO: mdinfo                                                                
|  MTMD: mtmd                                                                  
|INPDIP: inpdip                                                                
|RSTDIP: rstdip                                                                
|INPTRA: inptraj                                                               


 Here is the input file:

recomputing energies with Cartesian restraints                                 
&cntrl                                                                         
imin=1,                                                                        
maxcyc = 1,                                                                    
ntb=1,                                                                         
cut=9.0                                                                        
/                                                                              
 &ewald                                                                        
  order=4                                                                      
  skinnb=1.0                                                                   
/                                                                              

--------------------------------------------------------------------------------
   1.  RESOURCE   USE: 
--------------------------------------------------------------------------------

| Flags:                                                                        
 getting new box info from bottom of inpcrd
|  INFO: Old style inpcrd file read

| peek_ewald_inpcrd: Box info found
|Largest sphere to fit in unit cell has radius =    18.151
| New format PARM file being parsed.
| Version =    1.000 Date = 10/05/12 Time = 20:09:30
 NATOM  =    5868 NTYPES =      10 NBONH =    5837 MBONA  =      29
 NTHETH =      70 MTHETA =      38 NPHIH =     113 MPHIA  =      79
 NHPARM =       0 NPARM  =       0 NNB   =    8050 NRES   =    1941
 NBONA  =      29 NTHETA =      38 NPHIA =      79 NUMBND =      14
 NUMANG =      24 NPTRA  =      19 NATYP =      12 NPHB   =       1
 IFBOX  =       2 NMXRS  =      12 IFCAP =       0 NEXTRA =       0
 NCOPY  =       0


|     Memory Use     Allocated
|     Real              544787
|     Hollerith          19547
|     Integer           162733
|     Max Pairs        1956000
|     nblistReal         70416
|     nblist Int        221315
|       Total            14023 kbytes

| Note: 1-4 EEL scale factors were NOT found in the topology file.
|       Using default value of 1.2.

| Note: 1-4 VDW scale factors were NOT found in the topology file.
|       Using default value of 2.0.
| Duplicated    0 dihedrals
| Duplicated    0 dihedrals

     BOX TYPE: TRUNCATED OCTAHEDRON

--------------------------------------------------------------------------------
   2.  CONTROL  DATA  FOR  THE  RUN
--------------------------------------------------------------------------------

                                                                                

General flags:
     imin    =       1, nmropt  =       0

Nature and format of input:
     ntx     =       1, irest   =       0, ntrx    =       1

Nature and format of output:
     ntxo    =       1, ntpr    =      50, ntrx    =       1, ntwr    =     500
     iwrap   =       0, ntwx    =       0, ntwv    =       0, ntwe    =       0
     ioutfm  =       0, ntwprt  =       0, idecomp =       0, rbornstat=      0

Potential function:
     ntf     =       1, ntb     =       1, igb     =       0, nsnb    =      25
     ipol    =       0, gbsa    =       0, iesp    =       0
     dielc   =   1.00000, cut     =   9.00000, intdiel =   1.00000

Frozen or restrained atoms:
     ibelly  =       0, ntr     =       0

Energy minimization:
     maxcyc  =       1, ncyc    =      10, ntmin   =       1
     dx0     =   0.01000, drms    =   0.00010

Ewald parameters:
     verbose =       0, ew_type =       0, nbflag  =       1, use_pme =       1
     vdwmeth =       1, eedmeth =       1, netfrc  =       0
     Box X =   44.460   Box Y =   44.460   Box Z =   44.460
     Alpha =  109.471   Beta  =  109.471   Gamma =  109.471
     NFFT1 =   48       NFFT2 =   45       NFFT3 =   45
     Cutoff=    9.000   Tol   =0.100E-04
     Ewald Coefficient =  0.30768
     Interpolation order =    4

--------------------------------------------------------------------------------
   3.  ATOMIC COORDINATES AND VELOCITIES
--------------------------------------------------------------------------------

                                                                                
 begin time read from input coords =     0.000 ps

 Number of triangulated 3-point waters found:     1935

     Sum of charges from parm topology file =  -0.00000002
     Forcing neutrality...

--------------------------------------------------------------------------------
   4.  RESULTS
--------------------------------------------------------------------------------

 ---------------------------------------------------
 APPROXIMATING switch and d/dx switch using CUBIC SPLINE INTERPOLATION
 using   5000.0 points per unit in tabled values
 TESTING RELATIVE ERROR over r ranging from 0.0 to cutoff
| CHECK switch(x): max rel err =   0.2738E-14   at   2.422500
| CHECK d/dx switch(x): max rel err =   0.8314E-11   at   2.736960
 ---------------------------------------------------
| Local SIZE OF NONBOND LIST =    1068326
| TOTAL SIZE OF NONBOND LIST =    1068326


   NSTEP       ENERGY          RMS            GMAX         NAME    NUMBER
      1              NaN            NaN     3.9334E+29     C          21

 BOND    =        1.7716  ANGLE   =        8.3235  DIHED      =       26.1822
 VDWAALS =           NaN  EEL     =           NaN  HBOND      =        0.0000
 1-4 VDW =       16.7983  1-4 EEL =      459.5902  RESTRAINT  =        0.0000


  Maximum number of minimization cycles reached.


                    FINAL RESULTS



   NSTEP       ENERGY          RMS            GMAX         NAME    NUMBER
      1              NaN            NaN     3.9334E+29     C          21

 BOND    =        1.7716  ANGLE   =        8.3235  DIHED      =       26.1822
 VDWAALS =           NaN  EEL     =           NaN  HBOND      =        0.0000
 1-4 VDW =       16.7983  1-4 EEL =      459.5902  RESTRAINT  =        0.0000

--------------------------------------------------------------------------------
   5.  TIMINGS
--------------------------------------------------------------------------------

|    Read coords time           0.00 ( 2.09% of Total)
|    Fast Water setup           0.00 ( 0.08% of Total)
|                Build the list             0.05 (89.33% of List )
|                Other                      0.01 (10.67% of List )
|             List time                  0.06 (41.29% of Nonbo)
|                   Short_ene time             0.06 (99.11% of Direc)
|                   Other                      0.00 ( 0.89% of Direc)
|                Direct Ewald time          0.06 (74.53% of Ewald)
|                Adjust Ewald time          0.00 ( 0.47% of Ewald)
|                Self Ewald time            0.00 ( 0.03% of Ewald)
|                   Fill Bspline coeffs        0.00 ( 5.13% of Recip)
|                   Fill charge grid           0.00 ( 7.54% of Recip)
|                   Scalar sum                 0.01 (23.87% of Recip)
|                   Grad sum                   0.00 (14.48% of Recip)
|                   FFT time                   0.01 (48.90% of Recip)
|                   Other                      0.00 ( 0.08% of Recip)
|                Recip Ewald time           0.02 (24.77% of Ewald)
|                Virial junk                0.00 ( 0.17% of Ewald)
|                Start synchronizatio       0.00 ( 0.01% of Ewald)
|                Other                      0.00 ( 0.02% of Ewald)
|             Ewald time                 0.09 (58.71% of Nonbo)
|          Nonbond force              0.15 (99.74% of Force)
|          Bond/Angle/Dihedral        0.00 ( 0.20% of Force)
|          Other                      0.00 ( 0.07% of Force)
|       Force time                 0.15 (100.0% of Runmd)
|    Runmd Time                 0.15 (78.75% of Total)
|    Other                      0.04 (19.08% of Total)
| Total time                 0.18 (100.0% of ALL  )

| Number of list builds   :          1

| Highest rstack allocated:     371626
| Highest istack allocated:       5868
|           Job began  at 13:33:57.713  on 02/21/2017
|           Setup done at 13:33:57.745  on 02/21/2017
|           Run   done at 13:33:57.898  on 02/21/2017
|     wallclock() was called      88 times
